
 RUN  v4.0.16 C:/Burhan/Projects/AI/EntryBot/entry-bot

 Γ¥» tests/components/UploadModal.test.tsx (2 tests | 1 failed) 48ms
     Γ£ô renders the upload button with correct text based on category 30ms
     ├ù opens modal on button click 17ms
node.exe : 
At line:1 char:1
+ & "C:\software\nvm508\nodejs/n
ode.exe" 
"C:\software\nvm508\nodejs/nod 
...
+ ~~~~~~~~~~~~~~~~~~~~~~~~~~~~~~
~~~~~~~~~~~~~~~~~~~~~~~~~~~~~~~~
~~~~~~~
    + CategoryInfo          : N 
   otSpecified: (:String) [],   
  RemoteException
    + FullyQualifiedErrorId : N 
   ativeCommandError
 
ΓÄ»ΓÄ»ΓÄ»ΓÄ»ΓÄ»ΓÄ»ΓÄ» Failed 
Tests 1 ΓÄ»ΓÄ»ΓÄ»ΓÄ»ΓÄ»ΓÄ»ΓÄ»

 FAIL  tests/components/UploadMo
dal.test.tsx > UploadModal > 
opens modal on button click
Error: [next-auth]: 
`useSession` must be wrapped in 
a <SessionProvider />
 Γ¥» useSession node_modules/nex
t-auth/react/index.js:91:11
 Γ¥» UploadZone src/components/u
pload/UploadZone.tsx:15:31
     13| 
     14| export function 
UploadZone({ category = 
"GENERAL" }: UploadZoneProps) {
     15|     const { data: 
session } = useSession();
       |                        
       ^
     16|     const [uploading, 
setUploading] = useState(false);
     17|     const [files, 
setFiles] = 
useState<File[]>([]);
 Γ¥» 
Object.react_stack_bottom_frame 
node_modules/react-dom/cjs/react
-dom-client.development.js:25904
:20
 Γ¥» renderWithHooks node_module
s/react-dom/cjs/react-dom-client
.development.js:7662:22
 Γ¥» updateFunctionComponent nod
e_modules/react-dom/cjs/react-do
m-client.development.js:10166:19
 Γ¥» beginWork node_modules/reac
t-dom/cjs/react-dom-client.devel
opment.js:11778:18
 Γ¥» runWithFiberInDEV node_modu
les/react-dom/cjs/react-dom-clie
nt.development.js:874:13
 Γ¥» performUnitOfWork node_modu
les/react-dom/cjs/react-dom-clie
nt.development.js:17641:22
 Γ¥» workLoopSync node_modules/r
eact-dom/cjs/react-dom-client.de
velopment.js:17469:41
 Γ¥» renderRootSync node_modules
/react-dom/cjs/react-dom-client.
development.js:17450:11

ΓÄ»ΓÄ»ΓÄ»ΓÄ»ΓÄ»ΓÄ»ΓÄ»ΓÄ»ΓÄ»ΓÄ»ΓÄ
»ΓÄ»ΓÄ»ΓÄ»ΓÄ»ΓÄ»ΓÄ»ΓÄ»ΓÄ»ΓÄ»ΓÄ»Γ
Ä»ΓÄ»ΓÄ»[1/1]ΓÄ»


 Test Files  1 failed (1)
      Tests  1 failed | 1 passed (2)
   Start at  13:17:01
   Duration  2.00s (transform 176ms, setup 129ms, import 985ms, tests 48ms, environment 634ms)

