src/app/(dashboard)/dashboard/page.tsx(101,9): error TS18047: 'user' is possibly 'null'.
src/app/(dashboard)/reports/page.tsx(19,33): error TS2339: Property 'organizationId' does not exist on type '{ role: string; id: string; customRoleId?: string | null | undefined; customRoleName?: string | null | undefined; } & { name?: string | null | undefined; email?: string | null | undefined; image?: string | ... 1 more ... | undefined; }'.
src/app/super-admin/organizations/[id]/new-child/page.tsx(26,49): error TS2345: Argument of type '{ name: string; type: "CHILD_CLIENT"; parentId: string; adminName: string; adminEmail: string; adminPassword: string; }' is not assignable to parameter of type 'string'.
src/app/super-admin/organizations/new/page.tsx(24,49): error TS2345: Argument of type '{ name: string; type: "MASTER_CLIENT"; adminName: string; adminEmail: string; adminPassword: string; }' is not assignable to parameter of type 'string'.
src/lib/actions.ts(1352,26): error TS18047: 'inv.date' is possibly 'null'.
tests/components/TopHeader.test.tsx(26,27): error TS2322: Type '{ toggleSidebar: Mock<Procedure>; }' is not assignable to type 'IntrinsicAttributes'.
  Property 'toggleSidebar' does not exist on type 'IntrinsicAttributes'.
tests/integration/super-admin.test.ts(64,53): error TS2345: Argument of type '{ name: string; type: string; adminName: string; adminEmail: string; adminPassword: string; }' is not assignable to parameter of type 'string'.
